● read  /home/user/kotycli/demo/medallion
  └ ✗ /home/user/kotycli/demo/medallion es un directorio. Usa `bash ls` para listarlo (15ms)
● bash  List medallion project directory  ·  ls -la /home/user/kotycli/demo/medallion/
  └ total 24 … (8 líneas) (19ms)
● bash  List jobs and landing directories  ·  ls -la /home/user/kotycli/demo/medallion/jobs/ && echo "---" && ls -la /home/user/kotycli/demo/medallion/landing/
  └ total 20 … (13 líneas) (12ms)
● read  /home/user/kotycli/demo/medallion/jobs/seed.py
  └ 1	"""Generador de datos sintéticos para el pipeline medallion. … (140 líneas) (24ms)
● bash  Check for existing common.py  ·  ls -la /home/user/kotycli/demo/medallion/jobs/common.py 2>/dev/null; echo "Exit: $?"
  └ Exit: 2 … (2 líneas) (21ms)
● read  /home/user/kotycli/demo/medallion/landing/customers.csv
  └ 1	customer_id,name,country,signup_date … (11 líneas) (6ms)
Now I have a clear picture. Let me create the `common.py` and `bronze.py` files.


● create  /home/user/kotycli/demo/medallion/jobs/common.py
  └ Creado /home/user/kotycli/demo/medallion/jobs/common.py (22 líneas) (4ms)
● create  /home/user/kotycli/demo/medallion/jobs/bronze.py
  └ Creado /home/user/kotycli/demo/medallion/jobs/bronze.py (53 líneas) (2ms)
Let me fix the bronze.py - I had some incorrect function calls. Let me rewrite it properly:


● edit  /home/user/kotycli/demo/medallion/jobs/bronze.py
  └ ✗ old_string no aparece en /home/user/kotycli/demo/medallion/jobs/bronze.py. Comprueba espacios, indentación y saltos de línea (3ms)
● read  /home/user/kotycli/demo/medallion/jobs/bronze.py
  └ 1	"""Capa BRONCE del pipeline medallion. … (53 líneas) (3ms)
● edit  /home/user/kotycli/demo/medallion/jobs/bronze.py
  └ ✗ old_string no aparece en /home/user/kotycli/demo/medallion/jobs/bronze.py. Comprueba espacios, indentación y saltos de línea (1ms)
● bash  Write bronze.py using cat heredoc  ·  cat > /home/user/kotycli/demo/medallion/jobs/bronze.py << 'PYEOF'
  └ [exit code: 0] (9ms)
Now let me run it:


● bash  Execute bronze job  ·  cd /home/user/kotycli/demo/medallion && '../.venv/bin/python' -m jobs.bronze 2>&1
  └ Picked up JAVA_TOOL_OPTIONS: -Djavax.net.ssl.trustStore=/root/.ccr/java-truststore.p12 -Djavax.net.s … (16 líneas) (14.9s)
El trabajo se ejecutó con éxito. Los recuentos de filas son consistentes con los datos generados por `seed.py` (200 clientes, 40 productos, 5050 órdenes con los 50 duplicados).

Verifiquemos que los datos Parquet quedaron guardados correctamente:


● bash  Verify lake/bronze directory structure  ·  ls -laR /home/user/kotycli/demo/medallion/lake/
  └ /home/user/kotycli/demo/medallion/lake/: … (41 líneas) (10ms)
Let me also verify the Parquet data has the expected trazabilidad columns:


● bash  Verify Parquet schema has trace columns  ·  cd /home/user/kotycli/demo/medallion && '../.venv/bin/python' -c "
  └ Picked up JAVA_TOOL_OPTIONS: -Djavax.net.ssl.trustStore=/root/.ccr/java-truststore.p12 -Djavax.net.s … (17 líneas) (8.5s)
Todo correcto. Aquí resumen de lo hecho:

### Qué se hizo

1. **`jobs/common.py`** (nuevo): Contiene `get_spark(app_name)` que crea una SparkSession con `master("local[2]")`, `appName` configurado y `spark.ui.enabled=false`.

2. **`jobs/bronze.py`** (nuevo): La capa BRONCE que:
   - Crea la SparkSession vía `get_spark("medallion-bronze")`
   - Lee los 3 CSV de `landing/` con `header=True` e `inferSchema=False` (todo string, sin casteo)
   - Agrega columnas de trazabilidad: `_ingested_at` (`current_timestamp()`) y `_source_file` (`input_file_name()`)
   - Escribe cada tabla en `lake/bronze/<tabla>` en Parquet con `mode('overwrite')`
   - Imprime una línea por tabla con el nombre y número de filas

### Ejecución y salida

```
customers: 200 filas
products: 40 filas
orders: 5050 filas
```

### Verificación

Los archivos Parquet en `lake/bronze/` tienen el esquema esperado, ej. para `customers`:
- Columnas: `customer_id, name, country, signup_date, _ingested_at, _source_file`
- 200 filas

El pipeline corre determinista y sin errores.
— 128.1k tokens · 607.3s
